// <auto-generated/>
#nullable enable

#pragma warning disable PRTEXP001, PRTEXP002

using CSnakes.Runtime;
using CSnakes.Runtime.Python;

using System;
using System.Collections.Generic;
using System.Diagnostics;
using System.Reflection.Metadata;
using System.Threading;
using System.Threading.Tasks;

using Microsoft.Extensions.Logging;

[assembly: MetadataUpdateHandler(typeof(Python.Generated.Tests.TestClassExtensions))]

namespace Python.Generated.Tests;

public static class TestClassExtensions
{
    private static ITestClass? instance;

    private static ReadOnlySpan<byte> HotReloadHash => "070e1cd3cbfb1cf4d2690dac644bff64"u8;

    public static ITestClass TestClass(this IPythonEnvironment env)
    {
        if (instance is null)
        {
            instance = new TestClassInternal(env.Logger);
        }
        Debug.Assert(!env.IsDisposed());
        return instance;
    }

    public static void UpdateApplication(Type[]? updatedTypes)
    {
        instance?.ReloadModule();
    }

    private class TestClassInternal : ITestClass
    {
        private PyObject module;
        private readonly ILogger<IPythonEnvironment> logger;

        private PyObject __func_test_basic_async_iter;

        internal TestClassInternal(ILogger<IPythonEnvironment> logger)
        {
            this.logger = logger;
            using (GIL.Acquire())
            {
                logger.LogDebug("Importing module {ModuleName}", "test");
                module = Import.ImportModule("test");
                this.__func_test_basic_async_iter = module.GetAttr("test_basic_async_iter");
            }
        }

        void IReloadableModuleImport.ReloadModule()
        {
            logger.LogDebug("Reloading module {ModuleName}", "test");
            using (GIL.Acquire())
            {
                Import.ReloadModule(ref module);
                // Dispose old functions
                this.__func_test_basic_async_iter.Dispose();
                // Bind to new functions
                this.__func_test_basic_async_iter = module.GetAttr("test_basic_async_iter");
            }
        }

        public void Dispose()
        {
            logger.LogDebug("Disposing module {ModuleName}", "test");
            this.__func_test_basic_async_iter.Dispose();
            module.Dispose();
        }

        public PyObject TestBasicAsyncIter()
        {
            using (GIL.Acquire())
            {
                logger.LogDebug("Invoking Python function: {FunctionName}", "test_basic_async_iter");
                PyObject __underlyingPythonFunc = this.__func_test_basic_async_iter;
                PyObject __result_pyObject = __underlyingPythonFunc.Call();
                return __result_pyObject;
            }
        }
    }
}

/// <summary>
/// Represents functions of the Python module <c>test</c>.
/// </summary>
public interface ITestClass : IReloadableModuleImport
{
    /// <summary>
    /// Invokes the Python function <c>test_basic_async_iter</c>:
    /// <code><![CDATA[
    /// def test_basic_async_iter() -> typing.AsyncIterator[int]: ...
    /// ]]></code>
    /// </summary>
    PyObject TestBasicAsyncIter();
}
