// <auto-generated/>
#nullable enable

#pragma warning disable PRTEXP001, PRTEXP002

using CSnakes.Runtime;
using CSnakes.Runtime.Python;

using System;
using System.Collections.Generic;
using System.Diagnostics;
using System.Reflection.Metadata;
using System.Threading;
using System.Threading.Tasks;

using Microsoft.Extensions.Logging;

[assembly: MetadataUpdateHandler(typeof(Python.Generated.Tests.TestClassExtensions))]

namespace Python.Generated.Tests;

public static class TestClassExtensions
{
    private static ITestClass? instance;

    private static ReadOnlySpan<byte> HotReloadHash => "0a9c65f47e15009a48cf20bd7cc5e612"u8;

    public static ITestClass TestClass(this IPythonEnvironment env)
    {
        if (instance is null)
        {
            instance = new TestClassInternal(env.Logger);
        }
        Debug.Assert(!env.IsDisposed());
        return instance;
    }

    public static void UpdateApplication(Type[]? updatedTypes)
    {
        instance?.ReloadModule();
    }

    private class TestClassInternal : ITestClass
    {
        private PyObject module;
        private readonly ILogger<IPythonEnvironment>? logger;

        private PyObject __func_test_sys_executable;
        private PyObject __func_test_sys_path;

        internal TestClassInternal(ILogger<IPythonEnvironment>? logger)
        {
            this.logger = logger;
            using (GIL.Acquire())
            {
                logger?.LogDebug("Importing module {ModuleName}", "test");
                module = Import.ImportModule("test");
                this.__func_test_sys_executable = module.GetAttr("test_sys_executable");
                this.__func_test_sys_path = module.GetAttr("test_sys_path");
            }
        }

        void IReloadableModuleImport.ReloadModule()
        {
            logger?.LogDebug("Reloading module {ModuleName}", "test");
            using (GIL.Acquire())
            {
                Import.ReloadModule(ref module);
                // Dispose old functions
                this.__func_test_sys_executable.Dispose();
                this.__func_test_sys_path.Dispose();
                // Bind to new functions
                this.__func_test_sys_executable = module.GetAttr("test_sys_executable");
                this.__func_test_sys_path = module.GetAttr("test_sys_path");
            }
        }

        public void Dispose()
        {
            logger?.LogDebug("Disposing module {ModuleName}", "test");
            this.__func_test_sys_executable.Dispose();
            this.__func_test_sys_path.Dispose();
            module.Dispose();
        }

        public string TestSysExecutable()
        {
            using (GIL.Acquire())
            {
                logger?.LogDebug("Invoking Python function: {FunctionName}", "test_sys_executable");
                PyObject __underlyingPythonFunc = this.__func_test_sys_executable;
                using PyObject __result_pyObject = __underlyingPythonFunc.Call();
                var __return = __result_pyObject.BareImportAs<string, global::CSnakes.Runtime.Python.PyObjectImporters.String>();
                return __return;
            }
        }

        public string TestSysPath()
        {
            using (GIL.Acquire())
            {
                logger?.LogDebug("Invoking Python function: {FunctionName}", "test_sys_path");
                PyObject __underlyingPythonFunc = this.__func_test_sys_path;
                using PyObject __result_pyObject = __underlyingPythonFunc.Call();
                var __return = __result_pyObject.BareImportAs<string, global::CSnakes.Runtime.Python.PyObjectImporters.String>();
                return __return;
            }
        }
    }
}

/// <summary>
/// Represents functions of the Python module <c>test</c>.
/// </summary>
public interface ITestClass : IReloadableModuleImport
{
    /// <summary>
    /// Invokes the Python function <c>test_sys_executable</c>:
    /// <code><![CDATA[
    /// def test_sys_executable() -> str: ...
    /// ]]></code>
    /// </summary>
    string TestSysExecutable();

    /// <summary>
    /// Invokes the Python function <c>test_sys_path</c>:
    /// <code><![CDATA[
    /// def test_sys_path() -> str: ...
    /// ]]></code>
    /// </summary>
    string TestSysPath();
}
