// <auto-generated/>
#nullable enable

#pragma warning disable PRTEXP001, PRTEXP002

using CSnakes.Runtime;
using CSnakes.Runtime.Python;

using System;
using System.Collections.Generic;
using System.Diagnostics;
using System.Reflection.Metadata;
using System.Text;
using System.Threading;
using System.Threading.Tasks;

using Microsoft.Extensions.Logging;

[assembly: MetadataUpdateHandler(typeof(Python.Generated.Tests.TestClassExtensions))]

namespace Python.Generated.Tests;

public static class TestClassExtensions
{
    private static ITestClass? instance;

    private static ReadOnlySpan<byte> HotReloadHash => "91cffef6971bf92c2bc792b335702f6c"u8;

    public static ITestClass TestClass(this IPythonEnvironment env)
    {
        if (instance is null)
        {
            instance = new TestClassInternal(env.Logger);
        }
        Debug.Assert(!env.IsDisposed());
        return instance;
    }

    public static void UpdateApplication(Type[]? updatedTypes)
    {
        instance?.ReloadModule();
    }

    private class TestClassInternal : ITestClass
    {
        private PyObject module;
        private readonly ILogger<IPythonEnvironment>? logger;

        private PyObject __func_test_nothing;
        private PyObject __func_test_attrs_function;

        internal TestClassInternal(ILogger<IPythonEnvironment>? logger)
        {
            this.logger = logger;
            using (GIL.Acquire())
            {
                logger?.LogDebug("Importing module {ModuleName}", "test");
                this.module = ThisModule.Import();
                this.__func_test_nothing = module.GetAttr("test_nothing");
                this.__func_test_attrs_function = module.GetAttr("test_attrs_function");
            }
        }

        void IReloadableModuleImport.ReloadModule()
        {
            logger?.LogDebug("Reloading module {ModuleName}", "test");
            using (GIL.Acquire())
            {
                Import.ReloadModule(ref module);
                // Dispose old functions
                this.__func_test_nothing.Dispose();
                this.__func_test_attrs_function.Dispose();
                // Bind to new functions
                this.__func_test_nothing = module.GetAttr("test_nothing");
                this.__func_test_attrs_function = module.GetAttr("test_attrs_function");
            }
        }

        public void Dispose()
        {
            logger?.LogDebug("Disposing module {ModuleName}", "test");
            this.__func_test_nothing.Dispose();
            this.__func_test_attrs_function.Dispose();
            module.Dispose();
        }

        public bool TestNothing()
        {
            using (GIL.Acquire())
            {
                this.logger?.LogDebug("Invoking Python function: {FunctionName}", "test_nothing");
                PyObject __underlyingPythonFunc = this.__func_test_nothing;
                using PyObject __result_pyObject = __underlyingPythonFunc.Call();
                var __return = __result_pyObject.BareImportAs<bool, global::CSnakes.Runtime.Python.PyObjectImporters.Boolean>();
                return __return;
            }
        }

        public bool TestAttrsFunction()
        {
            using (GIL.Acquire())
            {
                this.logger?.LogDebug("Invoking Python function: {FunctionName}", "test_attrs_function");
                PyObject __underlyingPythonFunc = this.__func_test_attrs_function;
                using PyObject __result_pyObject = __underlyingPythonFunc.Call();
                var __return = __result_pyObject.BareImportAs<bool, global::CSnakes.Runtime.Python.PyObjectImporters.Boolean>();
                return __return;
            }
        }
    }
}

/// <summary>
/// Represents functions of the Python module <c>test</c>.
/// </summary>
public interface ITestClass : IReloadableModuleImport
{
    /// <summary>
    /// Invokes the Python function <c>test_nothing</c>:
    /// <code><![CDATA[
    /// def test_nothing() -> bool: ...
    /// ]]></code>
    /// </summary>
    bool TestNothing();

    /// <summary>
    /// Invokes the Python function <c>test_attrs_function</c>:
    /// <code><![CDATA[
    /// def test_attrs_function()-> bool: ...
    /// ]]></code>
    /// </summary>
    bool TestAttrsFunction();
}

file static class ThisModule
{
    public static PyObject Import() =>
        CSnakes.Runtime.Python.Import.ImportModule("test");
}
