// <auto-generated/>
#nullable enable

using CSnakes.Runtime;
using CSnakes.Runtime.Python;

using System;
using System.Collections.Generic;
using System.Diagnostics;
using System.Reflection.Metadata;

using Microsoft.Extensions.Logging;

[assembly: MetadataUpdateHandler(typeof(Python.Generated.Tests.TestClassExtensions))]

namespace Python.Generated.Tests;

public static class TestClassExtensions
{
    private static ITestClass? instance;

    private static ReadOnlySpan<byte> HotReloadHash => "b8b9ddb078b7deb64fd561785eeb9d37"u8;

    public static ITestClass TestClass(this IPythonEnvironment env)
    {
        if (instance is null)
        {
            instance = new TestClassInternal(env.Logger);
        }
        Debug.Assert(!env.IsDisposed());
        return instance;
    }

    public static void UpdateApplication(Type[]? updatedTypes)
    {
        instance?.ReloadModule();
    }

    private class TestClassInternal : ITestClass
    {
        private PyObject module;
        private readonly ILogger<IPythonEnvironment> logger;

        private PyObject __func_test_raise_python_exception;
        private PyObject __func_test_nested_python_exception;

        internal TestClassInternal(ILogger<IPythonEnvironment> logger)
        {
            this.logger = logger;
            using (GIL.Acquire())
            {
                logger.LogDebug("Importing module {ModuleName}", "test");
                module = Import.ImportModule("test");
                this.__func_test_raise_python_exception = module.GetAttr("test_raise_python_exception");
                this.__func_test_nested_python_exception = module.GetAttr("test_nested_python_exception");
            }
        }

        void IReloadableModuleImport.ReloadModule()
        {
            logger.LogDebug("Reloading module {ModuleName}", "test");
            using (GIL.Acquire())
            {
                Import.ReloadModule(ref module);
                // Dispose old functions
                this.__func_test_raise_python_exception.Dispose();
                this.__func_test_nested_python_exception.Dispose();
                // Bind to new functions
                this.__func_test_raise_python_exception = module.GetAttr("test_raise_python_exception");
                this.__func_test_nested_python_exception = module.GetAttr("test_nested_python_exception");
            }
        }

        public void Dispose()
        {
            logger.LogDebug("Disposing module {ModuleName}", "test");
            this.__func_test_raise_python_exception.Dispose();
            this.__func_test_nested_python_exception.Dispose();
            module.Dispose();
        }

        public string TestRaisePythonException()
        {
            using (GIL.Acquire())
            {
                logger.LogDebug("Invoking Python function: {FunctionName}", "test_raise_python_exception");
                PyObject __underlyingPythonFunc = this.__func_test_raise_python_exception;
                using PyObject __result_pyObject = __underlyingPythonFunc.Call();
                return __result_pyObject.As<string>();
            }
        }

        public string TestNestedPythonException()
        {
            using (GIL.Acquire())
            {
                logger.LogDebug("Invoking Python function: {FunctionName}", "test_nested_python_exception");
                PyObject __underlyingPythonFunc = this.__func_test_nested_python_exception;
                using PyObject __result_pyObject = __underlyingPythonFunc.Call();
                return __result_pyObject.As<string>();
            }
        }
    }
}

public interface ITestClass : IReloadableModuleImport
{
    string TestRaisePythonException();
    string TestNestedPythonException();
}
