// <auto-generated/>
#nullable enable

using CSnakes.Runtime;
using CSnakes.Runtime.Python;

using System;
using System.Collections.Generic;
using System.Diagnostics;
using System.Reflection.Metadata;

using Microsoft.Extensions.Logging;

[assembly: MetadataUpdateHandler(typeof(Python.Generated.Tests.TestClassExtensions))]

namespace Python.Generated.Tests;

public static class TestClassExtensions
{
    private static ITestClass? instance;

    private static ReadOnlySpan<byte> HotReloadHash => "06d26eb2cdb248df7700c3fa8018d59a"u8;

    public static ITestClass TestClass(this IPythonEnvironment env)
    {
        if (instance is null)
        {
            instance = new TestClassInternal(env.Logger);
        }
        Debug.Assert(!env.IsDisposed());
        return instance;
    }

    public static void UpdateApplication(Type[]? updatedTypes)
    {
        instance?.ReloadModule();
    }

    private class TestClassInternal : ITestClass
    {
        private PyObject module;
        private readonly ILogger<IPythonEnvironment> logger;

        private PyObject __func_returns_none;
        private PyObject __func_test_none_result;

        internal TestClassInternal(ILogger<IPythonEnvironment> logger)
        {
            this.logger = logger;
            using (GIL.Acquire())
            {
                logger.LogDebug("Importing module {ModuleName}", "test");
                module = Import.ImportModule("test");
                this.__func_returns_none = module.GetAttr("returns_none");
                this.__func_test_none_result = module.GetAttr("test_none_result");
            }
        }

        void IReloadableModuleImport.ReloadModule()
        {
            logger.LogDebug("Reloading module {ModuleName}", "test");
            using (GIL.Acquire())
            {
                Import.ReloadModule(ref module);
                // Dispose old functions
                this.__func_returns_none.Dispose();
                this.__func_test_none_result.Dispose();
                // Bind to new functions
                this.__func_returns_none = module.GetAttr("returns_none");
                this.__func_test_none_result = module.GetAttr("test_none_result");
            }
        }

        public void Dispose()
        {
            logger.LogDebug("Disposing module {ModuleName}", "test");
            this.__func_returns_none.Dispose();
            this.__func_test_none_result.Dispose();
            module.Dispose();
        }

        public PyObject ReturnsNone()
        {
            using (GIL.Acquire())
            {
                logger.LogDebug("Invoking Python function: {FunctionName}", "returns_none");
                PyObject __underlyingPythonFunc = this.__func_returns_none;
                PyObject __result_pyObject = __underlyingPythonFunc.Call();
                return __result_pyObject;
            }
        }

        public bool TestNoneResult(PyObject arg)
        {
            using (GIL.Acquire())
            {
                logger.LogDebug("Invoking Python function: {FunctionName}", "test_none_result");
                PyObject __underlyingPythonFunc = this.__func_test_none_result;
                using PyObject arg_pyObject = PyObject.From(arg)!;
                using PyObject __result_pyObject = __underlyingPythonFunc.Call(arg_pyObject);
                return __result_pyObject.As<bool>();
            }
        }
    }
}

public interface ITestClass : IReloadableModuleImport
{
    PyObject ReturnsNone();
    bool TestNoneResult(PyObject arg);
}
