// <auto-generated/>
#nullable enable

using CSnakes.Runtime;
using CSnakes.Runtime.Python;

using System;
using System.Collections.Generic;
using System.Diagnostics;
using System.Reflection.Metadata;

using Microsoft.Extensions.Logging;

[assembly: MetadataUpdateHandler(typeof(Python.Generated.Tests.TestClassExtensions))]

namespace Python.Generated.Tests;

public static class TestClassExtensions
{
    private static ITestClass? instance;

    private static ReadOnlySpan<byte> HotReloadHash => "10affbd2d05b097a0f6c9bc660363098"u8;

    public static ITestClass TestClass(this IPythonEnvironment env)
    {
        if (instance is null)
        {
            instance = new TestClassInternal(env.Logger);
        }
        Debug.Assert(!env.IsDisposed());
        return instance;
    }

    public static void UpdateApplication(Type[]? updatedTypes)
    {
        instance?.ReloadModule();
    }

    private class TestClassInternal : ITestClass
    {
        private PyObject module;
        private readonly ILogger<IPythonEnvironment> logger;

        private PyObject __func_test_bool_buffer;
        private PyObject __func_test_int8_buffer;
        private PyObject __func_test_uint8_buffer;
        private PyObject __func_test_int16_buffer;
        private PyObject __func_test_uint16_buffer;
        private PyObject __func_test_int32_buffer;
        private PyObject __func_test_int64_buffer;
        private PyObject __func_test_uint32_buffer;
        private PyObject __func_test_uint64_buffer;
        private PyObject __func_test_float32_buffer;
        private PyObject __func_test_float64_buffer;
        private PyObject __func_test_vector_buffer;
        private PyObject __func_test_int8_2d_buffer;
        private PyObject __func_test_uint8_2d_buffer;
        private PyObject __func_test_int16_2d_buffer;
        private PyObject __func_test_uint16_2d_buffer;
        private PyObject __func_test_int32_2d_buffer;
        private PyObject __func_test_uint32_2d_buffer;
        private PyObject __func_test_int64_2d_buffer;
        private PyObject __func_test_uint64_2d_buffer;
        private PyObject __func_test_float32_2d_buffer;
        private PyObject __func_test_float64_2d_buffer;
        private PyObject __func_test_global_buffer;
        private PyObject __func_test_bytes_as_buffer;
        private PyObject __func_test_bytearray_as_buffer;
        private PyObject __func_test_non_buffer;
        private PyObject __func_test_non_contiguous_buffer;
        private PyObject __func_test_transposed_buffer;
        private PyObject __func_test_ndim_3d_buffer;
        private PyObject __func_test_ndim_4d_buffer;

        internal TestClassInternal(ILogger<IPythonEnvironment> logger)
        {
            this.logger = logger;
            using (GIL.Acquire())
            {
                logger.LogDebug("Importing module {ModuleName}", "test");
                module = Import.ImportModule("test");
                this.__func_test_bool_buffer = module.GetAttr("test_bool_buffer");
                this.__func_test_int8_buffer = module.GetAttr("test_int8_buffer");
                this.__func_test_uint8_buffer = module.GetAttr("test_uint8_buffer");
                this.__func_test_int16_buffer = module.GetAttr("test_int16_buffer");
                this.__func_test_uint16_buffer = module.GetAttr("test_uint16_buffer");
                this.__func_test_int32_buffer = module.GetAttr("test_int32_buffer");
                this.__func_test_int64_buffer = module.GetAttr("test_int64_buffer");
                this.__func_test_uint32_buffer = module.GetAttr("test_uint32_buffer");
                this.__func_test_uint64_buffer = module.GetAttr("test_uint64_buffer");
                this.__func_test_float32_buffer = module.GetAttr("test_float32_buffer");
                this.__func_test_float64_buffer = module.GetAttr("test_float64_buffer");
                this.__func_test_vector_buffer = module.GetAttr("test_vector_buffer");
                this.__func_test_int8_2d_buffer = module.GetAttr("test_int8_2d_buffer");
                this.__func_test_uint8_2d_buffer = module.GetAttr("test_uint8_2d_buffer");
                this.__func_test_int16_2d_buffer = module.GetAttr("test_int16_2d_buffer");
                this.__func_test_uint16_2d_buffer = module.GetAttr("test_uint16_2d_buffer");
                this.__func_test_int32_2d_buffer = module.GetAttr("test_int32_2d_buffer");
                this.__func_test_uint32_2d_buffer = module.GetAttr("test_uint32_2d_buffer");
                this.__func_test_int64_2d_buffer = module.GetAttr("test_int64_2d_buffer");
                this.__func_test_uint64_2d_buffer = module.GetAttr("test_uint64_2d_buffer");
                this.__func_test_float32_2d_buffer = module.GetAttr("test_float32_2d_buffer");
                this.__func_test_float64_2d_buffer = module.GetAttr("test_float64_2d_buffer");
                this.__func_test_global_buffer = module.GetAttr("test_global_buffer");
                this.__func_test_bytes_as_buffer = module.GetAttr("test_bytes_as_buffer");
                this.__func_test_bytearray_as_buffer = module.GetAttr("test_bytearray_as_buffer");
                this.__func_test_non_buffer = module.GetAttr("test_non_buffer");
                this.__func_test_non_contiguous_buffer = module.GetAttr("test_non_contiguous_buffer");
                this.__func_test_transposed_buffer = module.GetAttr("test_transposed_buffer");
                this.__func_test_ndim_3d_buffer = module.GetAttr("test_ndim_3d_buffer");
                this.__func_test_ndim_4d_buffer = module.GetAttr("test_ndim_4d_buffer");
            }
        }

        void IReloadableModuleImport.ReloadModule()
        {
            logger.LogDebug("Reloading module {ModuleName}", "test");
            using (GIL.Acquire())
            {
                Import.ReloadModule(ref module);
                // Dispose old functions
                this.__func_test_bool_buffer.Dispose();
                this.__func_test_int8_buffer.Dispose();
                this.__func_test_uint8_buffer.Dispose();
                this.__func_test_int16_buffer.Dispose();
                this.__func_test_uint16_buffer.Dispose();
                this.__func_test_int32_buffer.Dispose();
                this.__func_test_int64_buffer.Dispose();
                this.__func_test_uint32_buffer.Dispose();
                this.__func_test_uint64_buffer.Dispose();
                this.__func_test_float32_buffer.Dispose();
                this.__func_test_float64_buffer.Dispose();
                this.__func_test_vector_buffer.Dispose();
                this.__func_test_int8_2d_buffer.Dispose();
                this.__func_test_uint8_2d_buffer.Dispose();
                this.__func_test_int16_2d_buffer.Dispose();
                this.__func_test_uint16_2d_buffer.Dispose();
                this.__func_test_int32_2d_buffer.Dispose();
                this.__func_test_uint32_2d_buffer.Dispose();
                this.__func_test_int64_2d_buffer.Dispose();
                this.__func_test_uint64_2d_buffer.Dispose();
                this.__func_test_float32_2d_buffer.Dispose();
                this.__func_test_float64_2d_buffer.Dispose();
                this.__func_test_global_buffer.Dispose();
                this.__func_test_bytes_as_buffer.Dispose();
                this.__func_test_bytearray_as_buffer.Dispose();
                this.__func_test_non_buffer.Dispose();
                this.__func_test_non_contiguous_buffer.Dispose();
                this.__func_test_transposed_buffer.Dispose();
                this.__func_test_ndim_3d_buffer.Dispose();
                this.__func_test_ndim_4d_buffer.Dispose();
                // Bind to new functions
                this.__func_test_bool_buffer = module.GetAttr("test_bool_buffer");
                this.__func_test_int8_buffer = module.GetAttr("test_int8_buffer");
                this.__func_test_uint8_buffer = module.GetAttr("test_uint8_buffer");
                this.__func_test_int16_buffer = module.GetAttr("test_int16_buffer");
                this.__func_test_uint16_buffer = module.GetAttr("test_uint16_buffer");
                this.__func_test_int32_buffer = module.GetAttr("test_int32_buffer");
                this.__func_test_int64_buffer = module.GetAttr("test_int64_buffer");
                this.__func_test_uint32_buffer = module.GetAttr("test_uint32_buffer");
                this.__func_test_uint64_buffer = module.GetAttr("test_uint64_buffer");
                this.__func_test_float32_buffer = module.GetAttr("test_float32_buffer");
                this.__func_test_float64_buffer = module.GetAttr("test_float64_buffer");
                this.__func_test_vector_buffer = module.GetAttr("test_vector_buffer");
                this.__func_test_int8_2d_buffer = module.GetAttr("test_int8_2d_buffer");
                this.__func_test_uint8_2d_buffer = module.GetAttr("test_uint8_2d_buffer");
                this.__func_test_int16_2d_buffer = module.GetAttr("test_int16_2d_buffer");
                this.__func_test_uint16_2d_buffer = module.GetAttr("test_uint16_2d_buffer");
                this.__func_test_int32_2d_buffer = module.GetAttr("test_int32_2d_buffer");
                this.__func_test_uint32_2d_buffer = module.GetAttr("test_uint32_2d_buffer");
                this.__func_test_int64_2d_buffer = module.GetAttr("test_int64_2d_buffer");
                this.__func_test_uint64_2d_buffer = module.GetAttr("test_uint64_2d_buffer");
                this.__func_test_float32_2d_buffer = module.GetAttr("test_float32_2d_buffer");
                this.__func_test_float64_2d_buffer = module.GetAttr("test_float64_2d_buffer");
                this.__func_test_global_buffer = module.GetAttr("test_global_buffer");
                this.__func_test_bytes_as_buffer = module.GetAttr("test_bytes_as_buffer");
                this.__func_test_bytearray_as_buffer = module.GetAttr("test_bytearray_as_buffer");
                this.__func_test_non_buffer = module.GetAttr("test_non_buffer");
                this.__func_test_non_contiguous_buffer = module.GetAttr("test_non_contiguous_buffer");
                this.__func_test_transposed_buffer = module.GetAttr("test_transposed_buffer");
                this.__func_test_ndim_3d_buffer = module.GetAttr("test_ndim_3d_buffer");
                this.__func_test_ndim_4d_buffer = module.GetAttr("test_ndim_4d_buffer");
            }
        }

        public void Dispose()
        {
            logger.LogDebug("Disposing module {ModuleName}", "test");
            this.__func_test_bool_buffer.Dispose();
            this.__func_test_int8_buffer.Dispose();
            this.__func_test_uint8_buffer.Dispose();
            this.__func_test_int16_buffer.Dispose();
            this.__func_test_uint16_buffer.Dispose();
            this.__func_test_int32_buffer.Dispose();
            this.__func_test_int64_buffer.Dispose();
            this.__func_test_uint32_buffer.Dispose();
            this.__func_test_uint64_buffer.Dispose();
            this.__func_test_float32_buffer.Dispose();
            this.__func_test_float64_buffer.Dispose();
            this.__func_test_vector_buffer.Dispose();
            this.__func_test_int8_2d_buffer.Dispose();
            this.__func_test_uint8_2d_buffer.Dispose();
            this.__func_test_int16_2d_buffer.Dispose();
            this.__func_test_uint16_2d_buffer.Dispose();
            this.__func_test_int32_2d_buffer.Dispose();
            this.__func_test_uint32_2d_buffer.Dispose();
            this.__func_test_int64_2d_buffer.Dispose();
            this.__func_test_uint64_2d_buffer.Dispose();
            this.__func_test_float32_2d_buffer.Dispose();
            this.__func_test_float64_2d_buffer.Dispose();
            this.__func_test_global_buffer.Dispose();
            this.__func_test_bytes_as_buffer.Dispose();
            this.__func_test_bytearray_as_buffer.Dispose();
            this.__func_test_non_buffer.Dispose();
            this.__func_test_non_contiguous_buffer.Dispose();
            this.__func_test_transposed_buffer.Dispose();
            this.__func_test_ndim_3d_buffer.Dispose();
            this.__func_test_ndim_4d_buffer.Dispose();
            module.Dispose();
        }

        public IPyBuffer TestBoolBuffer()
        {
            using (GIL.Acquire())
            {
                logger.LogDebug("Invoking Python function: {FunctionName}", "test_bool_buffer");
                PyObject __underlyingPythonFunc = this.__func_test_bool_buffer;
                PyObject __result_pyObject = __underlyingPythonFunc.Call();
                return __result_pyObject.As<IPyBuffer>();
            }
        }

        public IPyBuffer TestInt8Buffer()
        {
            using (GIL.Acquire())
            {
                logger.LogDebug("Invoking Python function: {FunctionName}", "test_int8_buffer");
                PyObject __underlyingPythonFunc = this.__func_test_int8_buffer;
                PyObject __result_pyObject = __underlyingPythonFunc.Call();
                return __result_pyObject.As<IPyBuffer>();
            }
        }

        public IPyBuffer TestUint8Buffer()
        {
            using (GIL.Acquire())
            {
                logger.LogDebug("Invoking Python function: {FunctionName}", "test_uint8_buffer");
                PyObject __underlyingPythonFunc = this.__func_test_uint8_buffer;
                PyObject __result_pyObject = __underlyingPythonFunc.Call();
                return __result_pyObject.As<IPyBuffer>();
            }
        }

        public IPyBuffer TestInt16Buffer()
        {
            using (GIL.Acquire())
            {
                logger.LogDebug("Invoking Python function: {FunctionName}", "test_int16_buffer");
                PyObject __underlyingPythonFunc = this.__func_test_int16_buffer;
                PyObject __result_pyObject = __underlyingPythonFunc.Call();
                return __result_pyObject.As<IPyBuffer>();
            }
        }

        public IPyBuffer TestUint16Buffer()
        {
            using (GIL.Acquire())
            {
                logger.LogDebug("Invoking Python function: {FunctionName}", "test_uint16_buffer");
                PyObject __underlyingPythonFunc = this.__func_test_uint16_buffer;
                PyObject __result_pyObject = __underlyingPythonFunc.Call();
                return __result_pyObject.As<IPyBuffer>();
            }
        }

        public IPyBuffer TestInt32Buffer()
        {
            using (GIL.Acquire())
            {
                logger.LogDebug("Invoking Python function: {FunctionName}", "test_int32_buffer");
                PyObject __underlyingPythonFunc = this.__func_test_int32_buffer;
                PyObject __result_pyObject = __underlyingPythonFunc.Call();
                return __result_pyObject.As<IPyBuffer>();
            }
        }

        public IPyBuffer TestInt64Buffer()
        {
            using (GIL.Acquire())
            {
                logger.LogDebug("Invoking Python function: {FunctionName}", "test_int64_buffer");
                PyObject __underlyingPythonFunc = this.__func_test_int64_buffer;
                PyObject __result_pyObject = __underlyingPythonFunc.Call();
                return __result_pyObject.As<IPyBuffer>();
            }
        }

        public IPyBuffer TestUint32Buffer()
        {
            using (GIL.Acquire())
            {
                logger.LogDebug("Invoking Python function: {FunctionName}", "test_uint32_buffer");
                PyObject __underlyingPythonFunc = this.__func_test_uint32_buffer;
                PyObject __result_pyObject = __underlyingPythonFunc.Call();
                return __result_pyObject.As<IPyBuffer>();
            }
        }

        public IPyBuffer TestUint64Buffer()
        {
            using (GIL.Acquire())
            {
                logger.LogDebug("Invoking Python function: {FunctionName}", "test_uint64_buffer");
                PyObject __underlyingPythonFunc = this.__func_test_uint64_buffer;
                PyObject __result_pyObject = __underlyingPythonFunc.Call();
                return __result_pyObject.As<IPyBuffer>();
            }
        }

        public IPyBuffer TestFloat32Buffer()
        {
            using (GIL.Acquire())
            {
                logger.LogDebug("Invoking Python function: {FunctionName}", "test_float32_buffer");
                PyObject __underlyingPythonFunc = this.__func_test_float32_buffer;
                PyObject __result_pyObject = __underlyingPythonFunc.Call();
                return __result_pyObject.As<IPyBuffer>();
            }
        }

        public IPyBuffer TestFloat64Buffer()
        {
            using (GIL.Acquire())
            {
                logger.LogDebug("Invoking Python function: {FunctionName}", "test_float64_buffer");
                PyObject __underlyingPythonFunc = this.__func_test_float64_buffer;
                PyObject __result_pyObject = __underlyingPythonFunc.Call();
                return __result_pyObject.As<IPyBuffer>();
            }
        }

        public IPyBuffer TestVectorBuffer()
        {
            using (GIL.Acquire())
            {
                logger.LogDebug("Invoking Python function: {FunctionName}", "test_vector_buffer");
                PyObject __underlyingPythonFunc = this.__func_test_vector_buffer;
                PyObject __result_pyObject = __underlyingPythonFunc.Call();
                return __result_pyObject.As<IPyBuffer>();
            }
        }

        public IPyBuffer TestInt82dBuffer()
        {
            using (GIL.Acquire())
            {
                logger.LogDebug("Invoking Python function: {FunctionName}", "test_int8_2d_buffer");
                PyObject __underlyingPythonFunc = this.__func_test_int8_2d_buffer;
                PyObject __result_pyObject = __underlyingPythonFunc.Call();
                return __result_pyObject.As<IPyBuffer>();
            }
        }

        public IPyBuffer TestUint82dBuffer()
        {
            using (GIL.Acquire())
            {
                logger.LogDebug("Invoking Python function: {FunctionName}", "test_uint8_2d_buffer");
                PyObject __underlyingPythonFunc = this.__func_test_uint8_2d_buffer;
                PyObject __result_pyObject = __underlyingPythonFunc.Call();
                return __result_pyObject.As<IPyBuffer>();
            }
        }

        public IPyBuffer TestInt162dBuffer()
        {
            using (GIL.Acquire())
            {
                logger.LogDebug("Invoking Python function: {FunctionName}", "test_int16_2d_buffer");
                PyObject __underlyingPythonFunc = this.__func_test_int16_2d_buffer;
                PyObject __result_pyObject = __underlyingPythonFunc.Call();
                return __result_pyObject.As<IPyBuffer>();
            }
        }

        public IPyBuffer TestUint162dBuffer()
        {
            using (GIL.Acquire())
            {
                logger.LogDebug("Invoking Python function: {FunctionName}", "test_uint16_2d_buffer");
                PyObject __underlyingPythonFunc = this.__func_test_uint16_2d_buffer;
                PyObject __result_pyObject = __underlyingPythonFunc.Call();
                return __result_pyObject.As<IPyBuffer>();
            }
        }

        public IPyBuffer TestInt322dBuffer()
        {
            using (GIL.Acquire())
            {
                logger.LogDebug("Invoking Python function: {FunctionName}", "test_int32_2d_buffer");
                PyObject __underlyingPythonFunc = this.__func_test_int32_2d_buffer;
                PyObject __result_pyObject = __underlyingPythonFunc.Call();
                return __result_pyObject.As<IPyBuffer>();
            }
        }

        public IPyBuffer TestUint322dBuffer()
        {
            using (GIL.Acquire())
            {
                logger.LogDebug("Invoking Python function: {FunctionName}", "test_uint32_2d_buffer");
                PyObject __underlyingPythonFunc = this.__func_test_uint32_2d_buffer;
                PyObject __result_pyObject = __underlyingPythonFunc.Call();
                return __result_pyObject.As<IPyBuffer>();
            }
        }

        public IPyBuffer TestInt642dBuffer()
        {
            using (GIL.Acquire())
            {
                logger.LogDebug("Invoking Python function: {FunctionName}", "test_int64_2d_buffer");
                PyObject __underlyingPythonFunc = this.__func_test_int64_2d_buffer;
                PyObject __result_pyObject = __underlyingPythonFunc.Call();
                return __result_pyObject.As<IPyBuffer>();
            }
        }

        public IPyBuffer TestUint642dBuffer()
        {
            using (GIL.Acquire())
            {
                logger.LogDebug("Invoking Python function: {FunctionName}", "test_uint64_2d_buffer");
                PyObject __underlyingPythonFunc = this.__func_test_uint64_2d_buffer;
                PyObject __result_pyObject = __underlyingPythonFunc.Call();
                return __result_pyObject.As<IPyBuffer>();
            }
        }

        public IPyBuffer TestFloat322dBuffer()
        {
            using (GIL.Acquire())
            {
                logger.LogDebug("Invoking Python function: {FunctionName}", "test_float32_2d_buffer");
                PyObject __underlyingPythonFunc = this.__func_test_float32_2d_buffer;
                PyObject __result_pyObject = __underlyingPythonFunc.Call();
                return __result_pyObject.As<IPyBuffer>();
            }
        }

        public IPyBuffer TestFloat642dBuffer()
        {
            using (GIL.Acquire())
            {
                logger.LogDebug("Invoking Python function: {FunctionName}", "test_float64_2d_buffer");
                PyObject __underlyingPythonFunc = this.__func_test_float64_2d_buffer;
                PyObject __result_pyObject = __underlyingPythonFunc.Call();
                return __result_pyObject.As<IPyBuffer>();
            }
        }

        public IPyBuffer TestGlobalBuffer()
        {
            using (GIL.Acquire())
            {
                logger.LogDebug("Invoking Python function: {FunctionName}", "test_global_buffer");
                PyObject __underlyingPythonFunc = this.__func_test_global_buffer;
                PyObject __result_pyObject = __underlyingPythonFunc.Call();
                return __result_pyObject.As<IPyBuffer>();
            }
        }

        public IPyBuffer TestBytesAsBuffer()
        {
            using (GIL.Acquire())
            {
                logger.LogDebug("Invoking Python function: {FunctionName}", "test_bytes_as_buffer");
                PyObject __underlyingPythonFunc = this.__func_test_bytes_as_buffer;
                PyObject __result_pyObject = __underlyingPythonFunc.Call();
                return __result_pyObject.As<IPyBuffer>();
            }
        }

        public IPyBuffer TestBytearrayAsBuffer()
        {
            using (GIL.Acquire())
            {
                logger.LogDebug("Invoking Python function: {FunctionName}", "test_bytearray_as_buffer");
                PyObject __underlyingPythonFunc = this.__func_test_bytearray_as_buffer;
                PyObject __result_pyObject = __underlyingPythonFunc.Call();
                return __result_pyObject.As<IPyBuffer>();
            }
        }

        public IPyBuffer TestNonBuffer()
        {
            using (GIL.Acquire())
            {
                logger.LogDebug("Invoking Python function: {FunctionName}", "test_non_buffer");
                PyObject __underlyingPythonFunc = this.__func_test_non_buffer;
                PyObject __result_pyObject = __underlyingPythonFunc.Call();
                return __result_pyObject.As<IPyBuffer>();
            }
        }

        public IPyBuffer TestNonContiguousBuffer()
        {
            using (GIL.Acquire())
            {
                logger.LogDebug("Invoking Python function: {FunctionName}", "test_non_contiguous_buffer");
                PyObject __underlyingPythonFunc = this.__func_test_non_contiguous_buffer;
                PyObject __result_pyObject = __underlyingPythonFunc.Call();
                return __result_pyObject.As<IPyBuffer>();
            }
        }

        public IPyBuffer TestTransposedBuffer()
        {
            using (GIL.Acquire())
            {
                logger.LogDebug("Invoking Python function: {FunctionName}", "test_transposed_buffer");
                PyObject __underlyingPythonFunc = this.__func_test_transposed_buffer;
                PyObject __result_pyObject = __underlyingPythonFunc.Call();
                return __result_pyObject.As<IPyBuffer>();
            }
        }

        public IPyBuffer TestNdim3dBuffer()
        {
            using (GIL.Acquire())
            {
                logger.LogDebug("Invoking Python function: {FunctionName}", "test_ndim_3d_buffer");
                PyObject __underlyingPythonFunc = this.__func_test_ndim_3d_buffer;
                PyObject __result_pyObject = __underlyingPythonFunc.Call();
                return __result_pyObject.As<IPyBuffer>();
            }
        }

        public IPyBuffer TestNdim4dBuffer()
        {
            using (GIL.Acquire())
            {
                logger.LogDebug("Invoking Python function: {FunctionName}", "test_ndim_4d_buffer");
                PyObject __underlyingPythonFunc = this.__func_test_ndim_4d_buffer;
                PyObject __result_pyObject = __underlyingPythonFunc.Call();
                return __result_pyObject.As<IPyBuffer>();
            }
        }
    }
}

public interface ITestClass : IReloadableModuleImport
{
    IPyBuffer TestBoolBuffer();
    IPyBuffer TestInt8Buffer();
    IPyBuffer TestUint8Buffer();
    IPyBuffer TestInt16Buffer();
    IPyBuffer TestUint16Buffer();
    IPyBuffer TestInt32Buffer();
    IPyBuffer TestInt64Buffer();
    IPyBuffer TestUint32Buffer();
    IPyBuffer TestUint64Buffer();
    IPyBuffer TestFloat32Buffer();
    IPyBuffer TestFloat64Buffer();
    IPyBuffer TestVectorBuffer();
    IPyBuffer TestInt82dBuffer();
    IPyBuffer TestUint82dBuffer();
    IPyBuffer TestInt162dBuffer();
    IPyBuffer TestUint162dBuffer();
    IPyBuffer TestInt322dBuffer();
    IPyBuffer TestUint322dBuffer();
    IPyBuffer TestInt642dBuffer();
    IPyBuffer TestUint642dBuffer();
    IPyBuffer TestFloat322dBuffer();
    IPyBuffer TestFloat642dBuffer();
    IPyBuffer TestGlobalBuffer();
    IPyBuffer TestBytesAsBuffer();
    IPyBuffer TestBytearrayAsBuffer();
    IPyBuffer TestNonBuffer();
    IPyBuffer TestNonContiguousBuffer();
    IPyBuffer TestTransposedBuffer();
    IPyBuffer TestNdim3dBuffer();
    IPyBuffer TestNdim4dBuffer();
}
