// <auto-generated/>
#nullable enable

using CSnakes.Runtime;
using CSnakes.Runtime.Python;

using System;
using System.Collections.Generic;
using System.Diagnostics;
using System.Reflection.Metadata;

using Microsoft.Extensions.Logging;

[assembly: MetadataUpdateHandler(typeof(Python.Generated.Tests.TestClassExtensions))]

namespace Python.Generated.Tests;

public static class TestClassExtensions
{
    private static ITestClass? instance;

    private static ReadOnlySpan<byte> HotReloadHash => "8ea19c310b3c17facca0535bed6b4ec2"u8;

    public static ITestClass TestClass(this IPythonEnvironment env)
    {
        if (instance is null)
        {
            instance = new TestClassInternal(env.Logger);
        }
        Debug.Assert(!env.IsDisposed());
        return instance;
    }

    public static void UpdateApplication(Type[]? updatedTypes)
    {
        instance?.ReloadModule();
    }

    private class TestClassInternal : ITestClass
    {
        private PyObject module;
        private readonly ILogger<IPythonEnvironment> logger;

        private PyObject __func_test_dict_str_int;
        private PyObject __func_test_dict_str_list_int;
        private PyObject __func_test_dict_str_dict_int;
        private PyObject __func_test_mapping;

        internal TestClassInternal(ILogger<IPythonEnvironment> logger)
        {
            this.logger = logger;
            using (GIL.Acquire())
            {
                logger.LogDebug("Importing module {ModuleName}", "test");
                module = Import.ImportModule("test");
                this.__func_test_dict_str_int = module.GetAttr("test_dict_str_int");
                this.__func_test_dict_str_list_int = module.GetAttr("test_dict_str_list_int");
                this.__func_test_dict_str_dict_int = module.GetAttr("test_dict_str_dict_int");
                this.__func_test_mapping = module.GetAttr("test_mapping");
            }
        }

        void IReloadableModuleImport.ReloadModule()
        {
            logger.LogDebug("Reloading module {ModuleName}", "test");
            using (GIL.Acquire())
            {
                Import.ReloadModule(ref module);
                // Dispose old functions
                this.__func_test_dict_str_int.Dispose();
                this.__func_test_dict_str_list_int.Dispose();
                this.__func_test_dict_str_dict_int.Dispose();
                this.__func_test_mapping.Dispose();
                // Bind to new functions
                this.__func_test_dict_str_int = module.GetAttr("test_dict_str_int");
                this.__func_test_dict_str_list_int = module.GetAttr("test_dict_str_list_int");
                this.__func_test_dict_str_dict_int = module.GetAttr("test_dict_str_dict_int");
                this.__func_test_mapping = module.GetAttr("test_mapping");
            }
        }

        public void Dispose()
        {
            logger.LogDebug("Disposing module {ModuleName}", "test");
            this.__func_test_dict_str_int.Dispose();
            this.__func_test_dict_str_list_int.Dispose();
            this.__func_test_dict_str_dict_int.Dispose();
            this.__func_test_mapping.Dispose();
            module.Dispose();
        }

        public IReadOnlyDictionary<string, long> TestDictStrInt(IReadOnlyDictionary<string, long> a)
        {
            using (GIL.Acquire())
            {
                logger.LogDebug("Invoking Python function: {FunctionName}", "test_dict_str_int");
                PyObject __underlyingPythonFunc = this.__func_test_dict_str_int;
                using PyObject a_pyObject = PyObject.From(a)!;
                using PyObject __result_pyObject = __underlyingPythonFunc.Call(a_pyObject);
                return __result_pyObject.As<IReadOnlyDictionary<string, long>>();
            }
        }

        public IReadOnlyDictionary<string, IReadOnlyList<long>> TestDictStrListInt(IReadOnlyDictionary<string, IReadOnlyList<long>> a)
        {
            using (GIL.Acquire())
            {
                logger.LogDebug("Invoking Python function: {FunctionName}", "test_dict_str_list_int");
                PyObject __underlyingPythonFunc = this.__func_test_dict_str_list_int;
                using PyObject a_pyObject = PyObject.From(a)!;
                using PyObject __result_pyObject = __underlyingPythonFunc.Call(a_pyObject);
                return __result_pyObject.As<IReadOnlyDictionary<string, IReadOnlyList<long>>>();
            }
        }

        public IReadOnlyDictionary<string, IReadOnlyDictionary<string, long>> TestDictStrDictInt(IReadOnlyDictionary<string, IReadOnlyDictionary<string, long>> a)
        {
            using (GIL.Acquire())
            {
                logger.LogDebug("Invoking Python function: {FunctionName}", "test_dict_str_dict_int");
                PyObject __underlyingPythonFunc = this.__func_test_dict_str_dict_int;
                using PyObject a_pyObject = PyObject.From(a)!;
                using PyObject __result_pyObject = __underlyingPythonFunc.Call(a_pyObject);
                return __result_pyObject.As<IReadOnlyDictionary<string, IReadOnlyDictionary<string, long>>>();
            }
        }

        public IReadOnlyDictionary<string, long> TestMapping(IReadOnlyDictionary<string, long> a)
        {
            using (GIL.Acquire())
            {
                logger.LogDebug("Invoking Python function: {FunctionName}", "test_mapping");
                PyObject __underlyingPythonFunc = this.__func_test_mapping;
                using PyObject a_pyObject = PyObject.From(a)!;
                using PyObject __result_pyObject = __underlyingPythonFunc.Call(a_pyObject);
                return __result_pyObject.As<IReadOnlyDictionary<string, long>>();
            }
        }
    }
}

public interface ITestClass : IReloadableModuleImport
{
    IReadOnlyDictionary<string, long> TestDictStrInt(IReadOnlyDictionary<string, long> a);
    IReadOnlyDictionary<string, IReadOnlyList<long>> TestDictStrListInt(IReadOnlyDictionary<string, IReadOnlyList<long>> a);
    IReadOnlyDictionary<string, IReadOnlyDictionary<string, long>> TestDictStrDictInt(IReadOnlyDictionary<string, IReadOnlyDictionary<string, long>> a);
    IReadOnlyDictionary<string, long> TestMapping(IReadOnlyDictionary<string, long> a);
}
