// <auto-generated/>
#nullable enable

using CSnakes.Runtime;
using CSnakes.Runtime.Python;

using System;
using System.Collections.Generic;
using System.Diagnostics;
using System.Reflection.Metadata;

using Microsoft.Extensions.Logging;

[assembly: MetadataUpdateHandler(typeof(Python.Generated.Tests.TestClassExtensions))]

namespace Python.Generated.Tests;

public static class TestClassExtensions
{
    private static ITestClass? instance;

    private static ReadOnlySpan<byte> HotReloadHash => "070712b6bff34f5e689b902a98fce79f"u8;

    public static ITestClass TestClass(this IPythonEnvironment env)
    {
        if (instance is null)
        {
            instance = new TestClassInternal(env.Logger);
        }
        Debug.Assert(!env.IsDisposed());
        return instance;
    }

    public static void UpdateApplication(Type[]? updatedTypes)
    {
        instance?.ReloadModule();
    }

    private class TestClassInternal : ITestClass
    {
        private PyObject module;
        private readonly ILogger<IPythonEnvironment> logger;

        private PyObject __func_test_coroutine;
        private PyObject __func_test_coroutine_raises_exception;
        private PyObject __func_test_coroutine_returns_nothing;

        internal TestClassInternal(ILogger<IPythonEnvironment> logger)
        {
            this.logger = logger;
            using (GIL.Acquire())
            {
                logger.LogDebug("Importing module {ModuleName}", "test");
                module = Import.ImportModule("test");
                this.__func_test_coroutine = module.GetAttr("test_coroutine");
                this.__func_test_coroutine_raises_exception = module.GetAttr("test_coroutine_raises_exception");
                this.__func_test_coroutine_returns_nothing = module.GetAttr("test_coroutine_returns_nothing");
            }
        }

        void IReloadableModuleImport.ReloadModule()
        {
            logger.LogDebug("Reloading module {ModuleName}", "test");
            using (GIL.Acquire())
            {
                Import.ReloadModule(ref module);
                // Dispose old functions
                this.__func_test_coroutine.Dispose();
                this.__func_test_coroutine_raises_exception.Dispose();
                this.__func_test_coroutine_returns_nothing.Dispose();
                // Bind to new functions
                this.__func_test_coroutine = module.GetAttr("test_coroutine");
                this.__func_test_coroutine_raises_exception = module.GetAttr("test_coroutine_raises_exception");
                this.__func_test_coroutine_returns_nothing = module.GetAttr("test_coroutine_returns_nothing");
            }
        }

        public void Dispose()
        {
            logger.LogDebug("Disposing module {ModuleName}", "test");
            this.__func_test_coroutine.Dispose();
            this.__func_test_coroutine_raises_exception.Dispose();
            this.__func_test_coroutine_returns_nothing.Dispose();
            module.Dispose();
        }

        public async Task<long> TestCoroutine()
        {
            PyObject __result_pyObject;
            using (GIL.Acquire())
            {
                logger.LogDebug("Invoking Python function: {FunctionName}", "test_coroutine");
                PyObject __underlyingPythonFunc = this.__func_test_coroutine;
                __result_pyObject = __underlyingPythonFunc.Call();
            }

            return await __result_pyObject.As<ICoroutine<long, PyObject, PyObject>>().AsTask();
        }

        public async Task<long> TestCoroutineRaisesException()
        {
            PyObject __result_pyObject;
            using (GIL.Acquire())
            {
                logger.LogDebug("Invoking Python function: {FunctionName}", "test_coroutine_raises_exception");
                PyObject __underlyingPythonFunc = this.__func_test_coroutine_raises_exception;
                __result_pyObject = __underlyingPythonFunc.Call();
            }

            return await __result_pyObject.As<ICoroutine<long, PyObject, PyObject>>().AsTask();
        }

        public async Task<PyObject> TestCoroutineReturnsNothing()
        {
            PyObject __result_pyObject;
            using (GIL.Acquire())
            {
                logger.LogDebug("Invoking Python function: {FunctionName}", "test_coroutine_returns_nothing");
                PyObject __underlyingPythonFunc = this.__func_test_coroutine_returns_nothing;
                __result_pyObject = __underlyingPythonFunc.Call();
            }

            return await __result_pyObject.As<ICoroutine<PyObject, PyObject, PyObject>>().AsTask();
        }
    }
}

/// <summary>
/// Represents functions of the Python module <c>test</c>.
/// </summary>
public interface ITestClass : IReloadableModuleImport
{
    /// <summary>
    /// Invokes the Python function <c>test_coroutine</c>:
    /// <code><![CDATA[
    /// async def test_coroutine() -> Coroutine[int, None, None]: ...
    /// ]]></code>
    /// </summary>
    Task<long> TestCoroutine();

    /// <summary>
    /// Invokes the Python function <c>test_coroutine_raises_exception</c>:
    /// <code><![CDATA[
    /// async def test_coroutine_raises_exception() -> Coroutine[int, None, None]: ...
    /// ]]></code>
    /// </summary>
    Task<long> TestCoroutineRaisesException();

    /// <summary>
    /// Invokes the Python function <c>test_coroutine_returns_nothing</c>:
    /// <code><![CDATA[
    /// async def test_coroutine_returns_nothing() -> Coroutine[None, None, None]: ...
    /// ]]></code>
    /// </summary>
    Task<PyObject> TestCoroutineReturnsNothing();
}
