// <auto-generated/>
#nullable enable

#pragma warning disable PRTEXP001, PRTEXP002, CS0028

using CSnakes.Runtime;
using CSnakes.Runtime.Python;

using System;
using System.Collections.Generic;
using System.Diagnostics;
using System.Reflection.Metadata;
using System.Text;
using System.Threading;
using System.Threading.Tasks;

using Microsoft.Extensions.Logging;

[assembly: MetadataUpdateHandler(typeof(Python.Generated.Tests.TestClassExtensions))]

namespace Python.Generated.Tests;

static partial class TestClassExtensions
{
    private static ITestClass? instance;

    private static ReadOnlySpan<byte> HotReloadHash => "957082c529003e202b09b8cb1995251f"u8;

    public static ITestClass TestClass(this IPythonEnvironment env)
    {
        if (instance is null)
        {
            instance = new TestClassInternal(env.Logger);
        }
        System.Diagnostics.Debug.Assert(!env.IsDisposed());
        return instance;
    }

    public static void UpdateApplication(Type[]? updatedTypes)
    {
        instance?.ReloadModule();
    }

    private class TestClassInternal : ITestClass
    {
        private PyObject module;
        private readonly ILogger<IPythonEnvironment>? logger;

        private PyObject __func_test_pybind11_function;

        internal TestClassInternal(ILogger<IPythonEnvironment>? logger)
        {
            this.logger = logger;
            using (GIL.Acquire())
            {
                logger?.LogDebug("Importing module {ModuleName}", "test");
                this.module = ThisModule.Import();
                this.__func_test_pybind11_function = module.GetAttr("test_pybind11_function");
            }
        }

        void IReloadableModuleImport.ReloadModule()
        {
            logger?.LogDebug("Reloading module {ModuleName}", "test");
            using (GIL.Acquire())
            {
                Import.ReloadModule(ref module);
                // Dispose old functions
                this.__func_test_pybind11_function.Dispose();
                // Bind to new functions
                this.__func_test_pybind11_function = module.GetAttr("test_pybind11_function");
            }
        }

        public void Dispose()
        {
            logger?.LogDebug("Disposing module {ModuleName}", "test");
            this.__func_test_pybind11_function.Dispose();
            module.Dispose();
        }

        public bool TestPybind11Function()
        {
            using (GIL.Acquire())
            {
                this.logger?.LogDebug("Invoking Python function: {FunctionName}", "test_pybind11_function");
                PyObject __underlyingPythonFunc = this.__func_test_pybind11_function;
                using PyObject __result_pyObject = __underlyingPythonFunc.Call();
                var __return = __result_pyObject.BareImportAs<bool, global::CSnakes.Runtime.Python.PyObjectImporters.Boolean>();
                return __return;
            }
        }
    }
}

/// <summary>
/// Represents functions of the Python module <c>test</c>.
/// </summary>
public interface ITestClass : IReloadableModuleImport
{
    /// <summary>
    /// Invokes the Python function <c>test_pybind11_function</c>:
    /// <code><![CDATA[
    /// def test_pybind11_function() -> bool: ...
    /// ]]></code>
    /// </summary>
    bool TestPybind11Function();
}

file static class ThisModule
{
    public static PyObject Import() =>
        CSnakes.Runtime.Python.Import.ImportModule("test");
}
