// <auto-generated/>
#nullable enable

using CSnakes.Runtime;
using CSnakes.Runtime.Python;

using System;
using System.Collections.Generic;
using System.Diagnostics;
using System.Reflection.Metadata;

using Microsoft.Extensions.Logging;

[assembly: MetadataUpdateHandler(typeof(Python.Generated.Tests.TestClassExtensions))]

namespace Python.Generated.Tests;

public static class TestClassExtensions
{
    private static ITestClass? instance;

    private static ReadOnlySpan<byte> HotReloadHash => "b689cac043d82a1e3830504a67fe21c6"u8;

    public static ITestClass TestClass(this IPythonEnvironment env)
    {
        if (instance is null)
        {
            instance = new TestClassInternal(env.Logger);
        }
        Debug.Assert(!env.IsDisposed());
        return instance;
    }

    public static void UpdateApplication(Type[]? updatedTypes)
    {
        instance?.ReloadModule();
    }

    private class TestClassInternal : ITestClass
    {
        private PyObject module;
        private readonly ILogger<IPythonEnvironment> logger;

        private PyObject __func_test_with_underscore;

        internal TestClassInternal(ILogger<IPythonEnvironment> logger)
        {
            this.logger = logger;
            using (GIL.Acquire())
            {
                logger.LogDebug("Importing module {ModuleName}", "test");
                module = Import.ImportModule("test");
                this.__func_test_with_underscore = module.GetAttr("test_with_underscore");
            }
        }

        void IReloadableModuleImport.ReloadModule()
        {
            logger.LogDebug("Reloading module {ModuleName}", "test");
            using (GIL.Acquire())
            {
                Import.ReloadModule(ref module);
                // Dispose old functions
                this.__func_test_with_underscore.Dispose();
                // Bind to new functions
                this.__func_test_with_underscore = module.GetAttr("test_with_underscore");
            }
        }

        public void Dispose()
        {
            logger.LogDebug("Disposing module {ModuleName}", "test");
            this.__func_test_with_underscore.Dispose();
            module.Dispose();
        }

        public void TestWithUnderscore(long testx, long testy)
        {
            using (GIL.Acquire())
            {
                logger.LogDebug("Invoking Python function: {FunctionName}", "test_with_underscore");
                PyObject __underlyingPythonFunc = this.__func_test_with_underscore;
                using PyObject testx_pyObject = PyObject.From(testx)!;
                using PyObject testy_pyObject = PyObject.From(testy)!;
                using PyObject __result_pyObject = __underlyingPythonFunc.Call(testx_pyObject, testy_pyObject);
                return;
            }
        }
    }
}

/// <summary>
/// Represents functions of the Python module <c>test</c>.
/// </summary>
public interface ITestClass : IReloadableModuleImport
{
    /// <summary>
    /// Invokes the Python function <c>test_with_underscore</c>:
    /// <code><![CDATA[
    /// def test_with_underscore(test_x: int, test_y: int) -> None: ...
    /// ]]></code>
    /// </summary>
    void TestWithUnderscore(long testx, long testy);
}
